// Vitest Snapshot v1, https://vitest.dev/guide/snapshot.html

exports[`ErrorCode contract > keeps stable public API error codes 1`] = `
{
  "CANDIDATE_REQUIRED": "INTERVIEW_CANDIDATE_REQUIRED",
  "INTERNAL": "INTERVIEW_INTERNAL_ERROR",
  "INVALID_JSON": "INTERVIEW_INVALID_JSON",
  "INVALID_REQUEST": "INTERVIEW_INVALID_REQUEST",
  "MISCONFIGURED": "INTERVIEW_MISCONFIGURED",
  "PAYLOAD_TOO_LARGE": "INTERVIEW_PAYLOAD_TOO_LARGE",
  "RATE_LIMITED": "INTERVIEW_RATE_LIMITED",
  "TURN_IN_FLIGHT": "INTERVIEW_TURN_IN_FLIGHT",
  "UNAUTHORIZED": "INTERVIEW_UNAUTHORIZED",
}
`;
