// Vitest Snapshot v1, https://vitest.dev/guide/snapshot.html

exports[`feedback string contracts > formats strengths, gaps, and next steps with canonical day titles 1`] = `
{
  "gaps": [
    "Prompt Engineering Fundamentals: Still unproven in few-shot, chain of thought.",
  ],
  "next": [
    "Probe Prompt Engineering Fundamentals with a concrete scenario covering Understand zero-shot, few-shot, and chain-of-thought prompting.",
  ],
  "strengths": [
    "Monitoring, Logging & Observability: Demonstrated clear understanding of structured logging, token latency.",
  ],
  "summary": "Sarah completed 4 live technical response(s) across 2 focus area(s). The interview captured 1 strong topic signal(s) and 1 area(s) for further probing.",
}
`;
