// Vitest Snapshot v1, https://vitest.dev/guide/snapshot.html

exports[`interview UI copy > snapshots the required copy list 1`] = `
[
  "Autonomous Interviewer",
  "Start interview",
  "Assessment",
  "8 questions",
  "Candidate",
  "Your Response",
  "Type your technical response",
  "⌘/Ctrl Enter to submit",
  "Submit →",
  "Cancel",
  "Technical assessment complete",
  "What stood out",
  "Areas to probe",
  "Recommended follow-through",
  "Interview Plan",
  "Thinking through that",
  "Start implementation",
  "Speak",
]
`;
